
> @workspace/raasta-pakistan@0.0.0 build /root/Raasta_Pakistan_Traffic_Alert/artifacts/raasta-pakistan
> vite build --config vite.config.ts

failed to load config from /root/Raasta_Pakistan_Traffic_Alert/artifacts/raasta-pakistan/vite.config.ts
error during build:
Error: PORT environment variable is required but was not provided.
    at file:///root/Raasta_Pakistan_Traffic_Alert/artifacts/raasta-pakistan/node_modules/.vite-temp/vite.config.ts.timestamp-1776074312364-1a2df5f386bd8.mjs:10:9
    at ModuleJob.run (node:internal/modules/esm/module_job:325:25)
    at async ModuleLoader.import (node:internal/modules/esm/loader:606:24)
    at async loadConfigFromBundledFile (file:///root/Raasta_Pakistan_Traffic_Alert/node_modules/.pnpm/vite@7.3.1_@types+node@25.3.5_jiti@2.6.1_lightningcss@1.31.1_terser@5.46.1_tsx@4.21.0_yaml@2.8.2/node_modules/vite/dist/node/chunks/config.js:35909:12)
    at async bundleAndLoadConfigFile (file:///root/Raasta_Pakistan_Traffic_Alert/node_modules/.pnpm/vite@7.3.1_@types+node@25.3.5_jiti@2.6.1_lightningcss@1.31.1_terser@5.46.1_tsx@4.21.0_yaml@2.8.2/node_modules/vite/dist/node/chunks/config.js:35797:17)
    at async loadConfigFromFile (file:///root/Raasta_Pakistan_Traffic_Alert/node_modules/.pnpm/vite@7.3.1_@types+node@25.3.5_jiti@2.6.1_lightningcss@1.31.1_terser@5.46.1_tsx@4.21.0_yaml@2.8.2/node_modules/vite/dist/node/chunks/config.js:35764:42)
    at async resolveConfig (file:///root/Raasta_Pakistan_Traffic_Alert/node_modules/.pnpm/vite@7.3.1_@types+node@25.3.5_jiti@2.6.1_lightningcss@1.31.1_terser@5.46.1_tsx@4.21.0_yaml@2.8.2/node_modules/vite/dist/node/chunks/config.js:35413:22)
    at async createBuilder (file:///root/Raasta_Pakistan_Traffic_Alert/node_modules/.pnpm/vite@7.3.1_@types+node@25.3.5_jiti@2.6.1_lightningcss@1.31.1_terser@5.46.1_tsx@4.21.0_yaml@2.8.2/node_modules/vite/dist/node/chunks/config.js:33875:19)
    at async CAC.<anonymous> (file:///root/Raasta_Pakistan_Traffic_Alert/node_modules/.pnpm/vite@7.3.1_@types+node@25.3.5_jiti@2.6.1_lightningcss@1.31.1_terser@5.46.1_tsx@4.21.0_yaml@2.8.2/node_modules/vite/dist/node/cli.js:629:10)
/root/Raasta_Pakistan_Traffic_Alert/artifacts/raasta-pakistan:
 ERR_PNPM_RECURSIVE_RUN_FIRST_FAIL  @workspace/raasta-pakistan@0.0.0 build: `vite build --config vite.config.ts`
Exit status 1
